// Jest Snapshot v1, https://goo.gl/fbAQLP

exports[`[UI] LoginPage Match snapshot 1`] = `ShallowWrapper {}`;
