// Jest Snapshot v1, https://goo.gl/fbAQLP

exports[`[UI] LoginPage Match snapshot 1`] = `
<div
  className="LoginPage box"
>
  <div
    className="field is-horizontal title-group"
  >
    <h4
      className="subtitle is-4"
    >
      Login Page
    </h4>
  </div>
  <div
    className="field is-horizontal"
  >
    <div
      className="field-label is-normal"
    >
      <label
        className="label"
      >
        Username:
      </label>
    </div>
    <div
      className="field-body"
    >
      <div
        className="field"
      >
        <div
          className="control"
        >
          <input
            className="input is-primary"
            placeholder="e.g: Kamejoko"
            type="text"
          />
        </div>
      </div>
    </div>
  </div>
  <div
    className="field is-horizontal"
  >
    <div
      className="field-label is-normal"
    >
      <label
        className="label"
      >
        Password:
      </label>
    </div>
    <div
      className="field-body"
    >
      <div
        className="field"
      >
        <div
          className="control"
        >
          <input
            className="input is-primary"
            placeholder="Password"
            type="password"
          />
        </div>
      </div>
    </div>
  </div>
  <div
    className="field is-horizontal button-group"
  >
    <button
      className="button is-danger"
    >
      Cancel
    </button>
    <button
      className="button is-primary"
    >
      Login
    </button>
    <Link
      to="/register"
    >
      Don't have account?
    </Link>
  </div>
</div>
`;
